// Jest Snapshot v1, https://goo.gl/fbAQLP

exports[`<RepoCard /> should render and match the snapshot 1`] = `
<body>
  <div>
    <div
      class="ant-card ant-card-bordered RepoCard__CustomCard-sc-1dowozk-0 kIBYvb"
      data-testid="repo-card"
    >
      <div
        class="ant-card-body"
      >
        <p
          class="T__StyledText-gcrjip-0 fIysFh"
          data-testid="name-unavailable"
        >
          Repository name is unavailable
        </p>
        <p
          class="T__StyledText-gcrjip-0 fIysFh"
          data-testid="fullName-unavailable"
        >
          Repository full name unavaiable
        </p>
        <p
          class="T__StyledText-gcrjip-0 fIysFh"
          data-testid="stargazers-unavaiable"
        >
          Repository stars are unavaiable
        </p>
      </div>
    </div>
  </div>
</body>
`;
